// Jest Snapshot v1, https://goo.gl/fbAQLP

exports[`Routing creates Netlify redirects 1`] = `
"# Next-on-Netlify Redirects
/_next/data/%BUILD_ID%/page.json  /.netlify/functions/next_page  200
/page  /.netlify/functions/next_page  200
/_next/data/%BUILD_ID%/index.json  /.netlify/functions/next_all  200
/_next/data/%BUILD_ID%/*  /.netlify/functions/next_all  200
/_next/image*  url=:url w=:width q=:quality  /.netlify/functions/next_image?url=:url&w=:width&q=:quality  200
/  /.netlify/functions/next_all  200
/_next/*  /_next/:splat  200
/*  /.netlify/functions/next_all  200"
`;
